sysbench 1.1.0-3ceba0b (using bundled LuaJIT 2.1.0-beta3)

Running the test with following options:
Number of threads: 8
Report intermediate results every 5 second(s)
Initializing random number generator from seed (2024).


Initializing worker threads...

Threads started!

[ 5s ] thds: 8 tps: 316.70 qps: 6350.80 (r/w/o: 4449.00/1266.80/635.00) lat (ms,95%): 33.72 err/s: 0.00 reconn/s: 0.00
[ 10s ] thds: 8 tps: 325.02 qps: 6501.36 (r/w/o: 4551.26/1300.07/650.04) lat (ms,95%): 33.12 err/s: 0.00 reconn/s: 0.00
[ 15s ] thds: 8 tps: 331.21 qps: 6623.93 (r/w/o: 4636.69/1324.83/662.41) lat (ms,95%): 32.53 err/s: 0.00 reconn/s: 0.00
[ 20s ] thds: 8 tps: 328.39 qps: 6570.03 (r/w/o: 4599.68/1313.57/656.78) lat (ms,95%): 32.53 err/s: 0.00 reconn/s: 0.00
[ 25s ] thds: 8 tps: 329.00 qps: 6579.43 (r/w/o: 4605.02/1316.41/658.00) lat (ms,95%): 32.53 err/s: 0.00 reconn/s: 0.00
[ 30s ] thds: 8 tps: 335.20 qps: 6703.14 (r/w/o: 4692.16/1340.59/670.39) lat (ms,95%): 31.94 err/s: 0.00 reconn/s: 0.00
[ 35s ] thds: 8 tps: 334.60 qps: 6690.42 (r/w/o: 4682.62/1338.60/669.20) lat (ms,95%): 31.94 err/s: 0.00 reconn/s: 0.00
[ 40s ] thds: 8 tps: 333.60 qps: 6669.81 (r/w/o: 4668.60/1334.00/667.20) lat (ms,95%): 32.53 err/s: 0.00 reconn/s: 0.00
[ 45s ] thds: 8 tps: 333.40 qps: 6671.88 (r/w/o: 4671.25/1333.82/666.81) lat (ms,95%): 32.53 err/s: 0.00 reconn/s: 0.00
[ 50s ] thds: 8 tps: 334.60 qps: 6691.30 (r/w/o: 4683.27/1338.82/669.21) lat (ms,95%): 31.94 err/s: 0.00 reconn/s: 0.00
[ 55s ] thds: 8 tps: 337.60 qps: 6752.99 (r/w/o: 4727.79/1350.00/675.20) lat (ms,95%): 31.37 err/s: 0.00 reconn/s: 0.00
[ 60s ] thds: 8 tps: 335.80 qps: 6710.76 (r/w/o: 4696.17/1342.99/671.60) lat (ms,95%): 31.94 err/s: 0.00 reconn/s: 0.00
[ 65s ] thds: 8 tps: 335.20 qps: 6707.50 (r/w/o: 4696.13/1340.98/670.39) lat (ms,95%): 31.94 err/s: 0.00 reconn/s: 0.00
[ 70s ] thds: 8 tps: 331.60 qps: 6634.76 (r/w/o: 4644.97/1326.59/663.20) lat (ms,95%): 32.53 err/s: 0.00 reconn/s: 0.00
[ 75s ] thds: 8 tps: 332.41 qps: 6646.16 (r/w/o: 4651.91/1329.43/664.82) lat (ms,95%): 31.94 err/s: 0.00 reconn/s: 0.00
[ 80s ] thds: 8 tps: 333.00 qps: 6662.77 (r/w/o: 4664.78/1331.99/666.00) lat (ms,95%): 32.53 err/s: 0.00 reconn/s: 0.00
[ 85s ] thds: 8 tps: 338.20 qps: 6759.10 (r/w/o: 4730.07/1352.62/676.41) lat (ms,95%): 31.37 err/s: 0.00 reconn/s: 0.00
[ 90s ] thds: 8 tps: 337.80 qps: 6757.19 (r/w/o: 4729.79/1351.80/675.60) lat (ms,95%): 31.94 err/s: 0.00 reconn/s: 0.00
[ 95s ] thds: 8 tps: 337.60 qps: 6754.39 (r/w/o: 4729.39/1349.80/675.20) lat (ms,95%): 31.94 err/s: 0.00 reconn/s: 0.00
[ 100s ] thds: 8 tps: 337.80 qps: 6752.39 (r/w/o: 4725.59/1351.20/675.60) lat (ms,95%): 31.37 err/s: 0.00 reconn/s: 0.00
[ 105s ] thds: 8 tps: 333.00 qps: 6660.40 (r/w/o: 4662.40/1332.00/666.00) lat (ms,95%): 31.94 err/s: 0.00 reconn/s: 0.00
[ 110s ] thds: 8 tps: 339.39 qps: 6788.37 (r/w/o: 4752.04/1357.55/678.78) lat (ms,95%): 31.37 err/s: 0.00 reconn/s: 0.00
[ 115s ] thds: 8 tps: 338.41 qps: 6768.64 (r/w/o: 4737.97/1353.85/676.82) lat (ms,95%): 31.94 err/s: 0.00 reconn/s: 0.00
[ 120s ] thds: 8 tps: 339.59 qps: 6786.85 (r/w/o: 4749.50/1358.17/679.19) lat (ms,95%): 31.37 err/s: 0.00 reconn/s: 0.00
SQL statistics:
    queries performed:
        read:                            560756
        write:                           160216
        other:                           80108
        total:                           801080
    transactions:                        40054  (333.73 per sec.)
    queries:                             801080 (6674.67 per sec.)
    ignored errors:                      0      (0.00 per sec.)
    reconnects:                          0      (0.00 per sec.)

Throughput:
    events/s (eps):                      333.7334
    time elapsed:                        120.0179s
    total number of events:              40054

Latency (ms):
         min:                                    8.38
         avg:                                   23.97
         max:                                   48.89
         95th percentile:                       31.94
         sum:                               959949.37

Threads fairness:
    events (avg/stddev):           5006.7500/28.94
    execution time (avg/stddev):   119.9937/0.00

