sysbench 1.1.0-3ceba0b (using bundled LuaJIT 2.1.0-beta3)

Running the test with following options:
Number of threads: 8
Report intermediate results every 5 second(s)
Initializing random number generator from seed (2024).


Initializing worker threads...

Threads started!

[ 5s ] thds: 8 tps: 2918.24 qps: 58379.29 (r/w/o: 40868.23/11672.98/5838.09) lat (ms,95%): 3.68 err/s: 0.00 reconn/s: 0.00
[ 10s ] thds: 8 tps: 2954.05 qps: 59085.81 (r/w/o: 41360.51/11817.20/5908.10) lat (ms,95%): 3.62 err/s: 0.00 reconn/s: 0.00
[ 15s ] thds: 8 tps: 2956.21 qps: 59120.47 (r/w/o: 41383.39/11824.65/5912.43) lat (ms,95%): 3.62 err/s: 0.00 reconn/s: 0.00
[ 20s ] thds: 8 tps: 2747.61 qps: 54953.48 (r/w/o: 38468.60/10989.66/5495.23) lat (ms,95%): 3.68 err/s: 0.00 reconn/s: 0.00
[ 25s ] thds: 8 tps: 2784.15 qps: 55684.66 (r/w/o: 38979.34/11137.01/5568.31) lat (ms,95%): 3.96 err/s: 0.00 reconn/s: 0.00
[ 30s ] thds: 8 tps: 2602.86 qps: 52057.22 (r/w/o: 36440.26/10411.24/5205.72) lat (ms,95%): 3.96 err/s: 0.00 reconn/s: 0.00
[ 35s ] thds: 8 tps: 2309.62 qps: 46184.58 (r/w/o: 32327.06/9238.28/4619.24) lat (ms,95%): 4.41 err/s: 0.00 reconn/s: 0.00
[ 40s ] thds: 8 tps: 2105.11 qps: 42109.06 (r/w/o: 29477.98/8420.85/4210.23) lat (ms,95%): 4.82 err/s: 0.00 reconn/s: 0.00
[ 45s ] thds: 8 tps: 1776.11 qps: 35521.82 (r/w/o: 24865.55/7104.04/3552.22) lat (ms,95%): 5.67 err/s: 0.00 reconn/s: 0.00
[ 50s ] thds: 8 tps: 1961.90 qps: 39239.00 (r/w/o: 27466.80/7848.40/3923.80) lat (ms,95%): 5.77 err/s: 0.00 reconn/s: 0.00
[ 55s ] thds: 8 tps: 1800.43 qps: 36010.14 (r/w/o: 25207.98/7201.31/3600.85) lat (ms,95%): 5.99 err/s: 0.00 reconn/s: 0.00
[ 60s ] thds: 8 tps: 1509.57 qps: 30190.51 (r/w/o: 21132.32/6039.06/3019.13) lat (ms,95%): 6.55 err/s: 0.00 reconn/s: 0.00
[ 65s ] thds: 8 tps: 1641.15 qps: 32834.71 (r/w/o: 22982.64/6569.78/3282.29) lat (ms,95%): 6.09 err/s: 0.00 reconn/s: 0.00
[ 70s ] thds: 8 tps: 1656.09 qps: 33107.01 (r/w/o: 23176.87/6617.96/3312.18) lat (ms,95%): 6.43 err/s: 0.00 reconn/s: 0.00
[ 75s ] thds: 8 tps: 1433.57 qps: 28673.27 (r/w/o: 20071.63/5734.49/2867.15) lat (ms,95%): 6.91 err/s: 0.00 reconn/s: 0.00
[ 80s ] thds: 8 tps: 1756.23 qps: 35124.61 (r/w/o: 24587.43/7024.72/3512.46) lat (ms,95%): 6.55 err/s: 0.00 reconn/s: 0.00
[ 85s ] thds: 8 tps: 1711.00 qps: 34221.82 (r/w/o: 23955.62/6844.20/3422.00) lat (ms,95%): 6.67 err/s: 0.00 reconn/s: 0.00
[ 90s ] thds: 8 tps: 1531.59 qps: 30624.94 (r/w/o: 21435.42/6126.55/3062.97) lat (ms,95%): 7.30 err/s: 0.00 reconn/s: 0.00
[ 95s ] thds: 8 tps: 2475.60 qps: 49514.61 (r/w/o: 34661.21/9902.00/4951.40) lat (ms,95%): 5.18 err/s: 0.00 reconn/s: 0.00
[ 100s ] thds: 8 tps: 2822.02 qps: 56443.04 (r/w/o: 39510.91/11288.09/5644.04) lat (ms,95%): 3.82 err/s: 0.00 reconn/s: 0.00
[ 105s ] thds: 8 tps: 2812.37 qps: 56247.17 (r/w/o: 39372.96/11249.47/5624.74) lat (ms,95%): 3.89 err/s: 0.00 reconn/s: 0.00
[ 110s ] thds: 8 tps: 2809.63 qps: 56192.76 (r/w/o: 39334.99/11238.51/5619.26) lat (ms,95%): 3.89 err/s: 0.00 reconn/s: 0.00
[ 115s ] thds: 8 tps: 2836.58 qps: 56730.02 (r/w/o: 39710.33/11346.52/5673.16) lat (ms,95%): 3.82 err/s: 0.00 reconn/s: 0.00
[ 120s ] thds: 8 tps: 2804.41 qps: 56089.02 (r/w/o: 39262.36/11217.84/5608.82) lat (ms,95%): 3.89 err/s: 0.00 reconn/s: 0.00
SQL statistics:
    queries performed:
        read:                            3830288
        write:                           1094368
        other:                           547184
        total:                           5471840
    transactions:                        273592 (2279.89 per sec.)
    queries:                             5471840 (45597.81 per sec.)
    ignored errors:                      0      (0.00 per sec.)
    reconnects:                          0      (0.00 per sec.)

Throughput:
    events/s (eps):                      2279.8906
    time elapsed:                        120.0022s
    total number of events:              273592

Latency (ms):
         min:                                    0.97
         avg:                                    3.51
         max:                                 1300.73
         95th percentile:                        5.37
         sum:                               959548.49

Threads fairness:
    events (avg/stddev):           34199.0000/165.64
    execution time (avg/stddev):   119.9436/0.00

