sysbench 1.1.0-3ceba0b (using bundled LuaJIT 2.1.0-beta3)

Running the test with following options:
Number of threads: 512
Report intermediate results every 5 second(s)
Initializing random number generator from seed (2024).


Initializing worker threads...

Threads started!

[ 5s ] thds: 512 tps: 316.16 qps: 8293.93 (r/w/o: 5935.47/1617.55/740.91) lat (ms,95%): 2362.72 err/s: 16.57 reconn/s: 0.00
[ 10s ] thds: 512 tps: 223.62 qps: 4021.10 (r/w/o: 2974.02/572.84/474.23) lat (ms,95%): 5033.35 err/s: 16.80 reconn/s: 0.00
[ 15s ] thds: 512 tps: 507.40 qps: 10363.18 (r/w/o: 7271.99/2076.40/1014.80) lat (ms,95%): 2159.29 err/s: 0.20 reconn/s: 0.00
[ 20s ] thds: 512 tps: 605.41 qps: 12230.93 (r/w/o: 8530.89/2489.03/1211.01) lat (ms,95%): 1506.29 err/s: 0.60 reconn/s: 0.00
[ 25s ] thds: 512 tps: 563.19 qps: 11334.86 (r/w/o: 7973.10/2229.97/1131.79) lat (ms,95%): 1648.20 err/s: 5.00 reconn/s: 0.00
[ 30s ] thds: 512 tps: 647.83 qps: 13101.73 (r/w/o: 9165.37/2639.10/1297.26) lat (ms,95%): 1506.29 err/s: 1.80 reconn/s: 0.00
[ 35s ] thds: 512 tps: 783.19 qps: 15915.53 (r/w/o: 11148.61/3192.74/1574.18) lat (ms,95%): 1376.60 err/s: 7.40 reconn/s: 0.00
[ 40s ] thds: 512 tps: 808.85 qps: 16287.00 (r/w/o: 11396.70/3269.41/1620.90) lat (ms,95%): 1235.62 err/s: 4.00 reconn/s: 0.00
[ 45s ] thds: 512 tps: 889.40 qps: 17703.91 (r/w/o: 12429.33/3491.18/1783.39) lat (ms,95%): 1170.65 err/s: 3.80 reconn/s: 0.00
[ 50s ] thds: 512 tps: 800.60 qps: 15949.80 (r/w/o: 11101.80/3243.20/1604.80) lat (ms,95%): 1258.08 err/s: 3.80 reconn/s: 0.00
[ 55s ] thds: 512 tps: 829.81 qps: 16847.33 (r/w/o: 11867.09/3316.82/1663.41) lat (ms,95%): 1170.65 err/s: 4.00 reconn/s: 0.00
[ 60s ] thds: 512 tps: 914.41 qps: 18080.95 (r/w/o: 12701.91/3549.23/1829.82) lat (ms,95%): 1213.57 err/s: 2.40 reconn/s: 0.00
SQL statistics:
    queries performed:
        read:                            564046
        write:                           160161
        other:                           80245
        total:                           804452
    transactions:                        39956  (663.79 per sec.)
    queries:                             804452 (13364.46 per sec.)
    ignored errors:                      333    (5.53 per sec.)
    reconnects:                          0      (0.00 per sec.)

Throughput:
    events/s (eps):                      663.7938
    time elapsed:                        60.1934s
    total number of events:              39956

Latency (ms):
         min:                                    2.46
         avg:                                  769.92
         max:                                10628.53
         95th percentile:                     1708.63
         sum:                             30762937.93

Threads fairness:
    events (avg/stddev):           78.0391/4.74
    execution time (avg/stddev):   60.0839/0.05

