sysbench 1.1.0-3ceba0b (using bundled LuaJIT 2.1.0-beta3)

Running the test with following options:
Number of threads: 512
Report intermediate results every 5 second(s)
Initializing random number generator from seed (2024).


Initializing worker threads...

Threads started!

[ 5s ] thds: 512 tps: 4680.47 qps: 95479.75 (r/w/o: 67156.30/18845.07/9478.38) lat (ms,95%): 530.08 err/s: 15.70 reconn/s: 0.00
[ 10s ] thds: 512 tps: 7948.47 qps: 159578.87 (r/w/o: 111795.23/31849.09/15934.55) lat (ms,95%): 419.45 err/s: 37.80 reconn/s: 0.00
[ 15s ] thds: 512 tps: 5619.20 qps: 112872.41 (r/w/o: 79075.20/22531.01/11266.20) lat (ms,95%): 539.71 err/s: 27.60 reconn/s: 0.00
[ 20s ] thds: 512 tps: 8831.59 qps: 177534.05 (r/w/o: 124404.11/35411.36/17718.58) lat (ms,95%): 383.33 err/s: 55.61 reconn/s: 0.00
[ 25s ] thds: 512 tps: 8073.45 qps: 162205.52 (r/w/o: 113644.25/32370.98/16190.29) lat (ms,95%): 411.96 err/s: 43.40 reconn/s: 0.00
[ 30s ] thds: 512 tps: 7626.30 qps: 153130.18 (r/w/o: 107276.19/30564.80/15289.20) lat (ms,95%): 427.07 err/s: 36.40 reconn/s: 0.00
[ 35s ] thds: 512 tps: 6936.19 qps: 139405.96 (r/w/o: 97676.83/27816.15/13912.98) lat (ms,95%): 475.79 err/s: 40.80 reconn/s: 0.00
[ 40s ] thds: 512 tps: 6437.94 qps: 129312.63 (r/w/o: 90600.98/25801.57/12910.08) lat (ms,95%): 520.62 err/s: 34.20 reconn/s: 0.00
[ 45s ] thds: 512 tps: 5976.47 qps: 120116.33 (r/w/o: 84165.93/23963.07/11987.33) lat (ms,95%): 549.52 err/s: 34.20 reconn/s: 0.00
[ 50s ] thds: 512 tps: 5772.13 qps: 115968.51 (r/w/o: 81254.96/23136.50/11577.05) lat (ms,95%): 539.71 err/s: 32.80 reconn/s: 0.00
[ 55s ] thds: 512 tps: 5575.20 qps: 112047.47 (r/w/o: 78501.85/22362.01/11183.61) lat (ms,95%): 590.56 err/s: 33.60 reconn/s: 0.00
[ 60s ] thds: 512 tps: 5127.02 qps: 102929.38 (r/w/o: 72098.27/20557.08/10274.04) lat (ms,95%): 669.89 err/s: 25.60 reconn/s: 0.00
SQL statistics:
    queries performed:
        read:                            5540542
        write:                           1578077
        other:                           789404
        total:                           7908023
    transactions:                        393651 (6512.11 per sec.)
    queries:                             7908023 (130821.23 per sec.)
    ignored errors:                      2102   (34.77 per sec.)
    reconnects:                          0      (0.00 per sec.)

Throughput:
    events/s (eps):                      6512.1090
    time elapsed:                        60.4491s
    total number of events:              393651

Latency (ms):
         min:                                    0.69
         avg:                                   78.50
         max:                                 3107.86
         95th percentile:                      493.24
         sum:                             30900537.10

Threads fairness:
    events (avg/stddev):           768.8496/64.04
    execution time (avg/stddev):   60.3526/0.11

