261001 21:56:11 mysqld_safe Starting mariadbd daemon with databases from /data/mariadb/data
2026-10-01 21:56:12 0 [Note] Starting MariaDB 11.4.13-MariaDB-log source revision 170b1d70737be6f134448f51713cdc1ae215b420 server_uid sDIDdI02w3b2acl7Rds2iN62O2Q= as process 1339123
2026-10-01 21:56:12 0 [Warning] Plugin 'TidesDB' is of maturity level beta while the server is stable
2026-10-01 21:56:12 0 [Note] [TIDESDB] Loaded 35 default stop words
2026-10-01 21:56:12 0 [Note] [TIDESDB] TidesDB opened at /data/mariadb/tidesdb_data
2026-10-01 21:56:12 0 [Note] InnoDB: Compressed tables use zlib 1.3
2026-10-01 21:56:12 0 [Note] InnoDB: Number of transaction pools: 1
2026-10-01 21:56:12 0 [Note] InnoDB: Using crc32 + pclmulqdq instructions
2026-10-01 21:56:12 0 [Note] InnoDB: innodb_buffer_pool_size_max=8388612m, innodb_buffer_pool_size=256m
2026-10-01 21:56:12 0 [Note] InnoDB: Initialized memory pressure event listener
2026-10-01 21:56:12 0 [Note] InnoDB: Completed initialization of buffer pool
2026-10-01 21:56:12 0 [Note] InnoDB: File system buffers for log disabled (block size=4096 bytes)
2026-10-01 21:56:12 0 [Note] InnoDB: End of log at LSN=45093
2026-10-01 21:56:12 0 [Note] InnoDB: Resizing redo log from 96.000MiB to 48.000MiB; LSN=45093
2026-10-01 21:56:12 0 [Note] InnoDB: File system buffers for log disabled (block size=4096 bytes)
2026-10-01 21:56:12 0 [Note] InnoDB: Opened 3 undo tablespaces
2026-10-01 21:56:12 0 [Note] InnoDB: 128 rollback segments in 3 undo tablespaces are active.
2026-10-01 21:56:12 0 [Note] InnoDB: Setting file './ibtmp1' size to 12.000MiB. Physically writing the file full; Please wait ...
2026-10-01 21:56:12 0 [Note] InnoDB: File './ibtmp1' size is now 12.000MiB.
2026-10-01 21:56:12 0 [Note] InnoDB: log sequence number 45093; transaction id 14
2026-10-01 21:56:12 0 [Note] InnoDB: Loading buffer pool(s) from /data/mariadb/data/ib_buffer_pool
2026-10-01 21:56:12 0 [Note] Plugin 'FEEDBACK' is disabled.
2026-10-01 21:56:12 0 [Note] Plugin 'wsrep-provider' is disabled.
2026-10-01 21:56:12 0 [Note] InnoDB: Buffer pool(s) load completed at 261001 21:56:12
2026-10-01 21:56:16 0 [Note] Server socket created on IP: '127.0.0.1', port: '3306'.
2026-10-01 21:56:16 0 [Note] mariadbd: Event Scheduler: Loaded 0 events
2026-10-01 21:56:16 0 [Note] /data/mariadb/bin/mariadbd: ready for connections.
Version: '11.4.13-MariaDB-log'  socket: '/tmp/mariadb.sock'  port: 3306  Source distribution
2026-10-01 21:56:16 0 [Note] /data/mariadb/bin/mariadbd (initiated by: root[root] @ localhost []): Normal shutdown
2026-10-01 21:56:17 0 [Note] InnoDB: FTS optimize thread exiting.
2026-10-01 21:56:17 0 [Note] InnoDB: Starting shutdown...
2026-10-01 21:56:17 0 [Note] InnoDB: Dumping buffer pool(s) to /data/mariadb/data/ib_buffer_pool
2026-10-01 21:56:17 0 [Note] InnoDB: Buffer pool(s) dump completed at 261001 21:56:17
2026-10-01 21:56:17 0 [Note] InnoDB: Removed temporary tablespace data file: "./ibtmp1"
2026-10-01 21:56:17 0 [Note] Shutdown completed; log sequence number 45466; transaction id 15
2026-10-01 21:56:17 0 [Note] [TIDESDB] TidesDB closed
2026-10-01 21:56:17 0 [Note] /data/mariadb/bin/mariadbd: Shutdown complete
261001 21:56:17 mysqld_safe mysqld from pid file /data/mariadb/data/mariadb.pid ended
261001 21:56:18 mysqld_safe Starting mariadbd daemon with databases from /data/mariadb/data
2026-10-01 21:56:18 0 [Note] Starting MariaDB 11.4.13-MariaDB source revision 170b1d70737be6f134448f51713cdc1ae215b420 server_uid sDIDdI02w3b2acl7Rds2iN62O2Q= as process 1339438
2026-10-01 21:56:18 0 [Warning] Plugin 'TidesDB' is of maturity level beta while the server is stable
2026-10-01 21:56:18 0 [Note] [TIDESDB] Loaded 35 default stop words
2026-10-01 21:56:18 0 [Note] [TIDESDB] TidesDB opened at /data/mariadb/tidesdb_data
2026-10-01 21:56:18 0 [Note] InnoDB: Compressed tables use zlib 1.3
2026-10-01 21:56:18 0 [Note] InnoDB: Number of transaction pools: 1
2026-10-01 21:56:18 0 [Note] InnoDB: Using crc32 + pclmulqdq instructions
2026-10-01 21:56:18 0 [Note] InnoDB: innodb_buffer_pool_size_max=8388614m, innodb_buffer_pool_size=128m
2026-10-01 21:56:18 0 [Note] InnoDB: Initialized memory pressure event listener
2026-10-01 21:56:18 0 [Note] InnoDB: Completed initialization of buffer pool
2026-10-01 21:56:18 0 [Note] InnoDB: File system buffers for log disabled (block size=4096 bytes)
2026-10-01 21:56:18 0 [Note] InnoDB: End of log at LSN=45466
2026-10-01 21:56:18 0 [Note] InnoDB: Resizing redo log from 48.000MiB to 96.000MiB; LSN=45466
2026-10-01 21:56:18 0 [Note] InnoDB: File system buffers for log disabled (block size=4096 bytes)
2026-10-01 21:56:18 0 [Note] InnoDB: Opened 3 undo tablespaces
2026-10-01 21:56:18 0 [Note] InnoDB: 128 rollback segments in 3 undo tablespaces are active.
2026-10-01 21:56:18 0 [Note] InnoDB: Setting file './ibtmp1' size to 12.000MiB. Physically writing the file full; Please wait ...
2026-10-01 21:56:18 0 [Note] InnoDB: File './ibtmp1' size is now 12.000MiB.
2026-10-01 21:56:18 0 [Note] InnoDB: log sequence number 45466; transaction id 15
2026-10-01 21:56:18 0 [Note] Plugin 'FEEDBACK' is disabled.
2026-10-01 21:56:18 0 [Note] Plugin 'wsrep-provider' is disabled.
2026-10-01 21:56:18 0 [Note] InnoDB: Loading buffer pool(s) from /data/mariadb/data/ib_buffer_pool
2026-10-01 21:56:18 0 [Note] InnoDB: Buffer pool(s) load completed at 261001 21:56:18
2026-10-01 21:56:18 0 [Note] Server socket created on IP: '127.0.0.1', port: '3306'.
2026-10-01 21:56:18 0 [Note] mariadbd: Event Scheduler: Loaded 0 events
2026-10-01 21:56:18 0 [Note] /data/mariadb/bin/mariadbd: ready for connections.
Version: '11.4.13-MariaDB'  socket: '/tmp/mariadb.sock'  port: 3306  Source distribution
2026-10-01 22:09:12 0 [Note] InnoDB: Memory pressure event disregarded; innodb_buffer_pool_size=128m, innodb_buffer_pool_size_auto_min=8388608m
2026-10-01 22:10:51 0 [Note] InnoDB: Memory pressure event disregarded; innodb_buffer_pool_size=128m, innodb_buffer_pool_size_auto_min=8388608m
2026-10-01 22:12:35 0 [Note] InnoDB: Memory pressure event disregarded; innodb_buffer_pool_size=128m, innodb_buffer_pool_size_auto_min=8388608m
2026-10-01 22:14:24 0 [Note] InnoDB: Memory pressure event disregarded; innodb_buffer_pool_size=128m, innodb_buffer_pool_size_auto_min=8388608m
2026-10-01 22:15:24 0 [Note] InnoDB: Memory pressure event disregarded; innodb_buffer_pool_size=128m, innodb_buffer_pool_size_auto_min=8388608m
2026-10-01 22:16:26 0 [Note] InnoDB: Memory pressure event disregarded; innodb_buffer_pool_size=128m, innodb_buffer_pool_size_auto_min=8388608m
2026-10-01 22:17:26 0 [Note] InnoDB: Memory pressure event disregarded; innodb_buffer_pool_size=128m, innodb_buffer_pool_size_auto_min=8388608m
2026-10-01 22:19:22 0 [Note] InnoDB: Memory pressure event disregarded; innodb_buffer_pool_size=128m, innodb_buffer_pool_size_auto_min=8388608m
2026-10-01 22:20:23 0 [Note] InnoDB: Memory pressure event disregarded; innodb_buffer_pool_size=128m, innodb_buffer_pool_size_auto_min=8388608m
2026-10-01 22:21:23 0 [Note] InnoDB: Memory pressure event disregarded; innodb_buffer_pool_size=128m, innodb_buffer_pool_size_auto_min=8388608m
2026-10-01 22:23:12 0 [Note] InnoDB: Memory pressure event disregarded; innodb_buffer_pool_size=128m, innodb_buffer_pool_size_auto_min=8388608m
2026-10-01 22:24:14 0 [Note] InnoDB: Memory pressure event disregarded; innodb_buffer_pool_size=128m, innodb_buffer_pool_size_auto_min=8388608m
2026-10-01 22:25:14 0 [Note] InnoDB: Memory pressure event disregarded; innodb_buffer_pool_size=128m, innodb_buffer_pool_size_auto_min=8388608m
2026-10-01 22:27:38 0 [Note] InnoDB: Memory pressure event disregarded; innodb_buffer_pool_size=128m, innodb_buffer_pool_size_auto_min=8388608m
2026-10-01 22:28:40 0 [Note] InnoDB: Memory pressure event disregarded; innodb_buffer_pool_size=128m, innodb_buffer_pool_size_auto_min=8388608m
2026-10-01 22:29:41 0 [Note] InnoDB: Memory pressure event disregarded; innodb_buffer_pool_size=128m, innodb_buffer_pool_size_auto_min=8388608m
2026-10-01 22:30:47 0 [Note] InnoDB: Memory pressure event disregarded; innodb_buffer_pool_size=128m, innodb_buffer_pool_size_auto_min=8388608m
2026-10-01 22:31:47 0 [Note] InnoDB: Memory pressure event disregarded; innodb_buffer_pool_size=128m, innodb_buffer_pool_size_auto_min=8388608m
2026-10-01 22:32:48 0 [Note] InnoDB: Memory pressure event disregarded; innodb_buffer_pool_size=128m, innodb_buffer_pool_size_auto_min=8388608m
2026-10-01 22:33:50 0 [Note] InnoDB: Memory pressure event disregarded; innodb_buffer_pool_size=128m, innodb_buffer_pool_size_auto_min=8388608m
2026-10-01 22:34:50 0 [Note] InnoDB: Memory pressure event disregarded; innodb_buffer_pool_size=128m, innodb_buffer_pool_size_auto_min=8388608m
2026-10-01 22:35:52 0 [Note] InnoDB: Memory pressure event disregarded; innodb_buffer_pool_size=128m, innodb_buffer_pool_size_auto_min=8388608m
2026-10-01 22:36:53 0 [Note] InnoDB: Memory pressure event disregarded; innodb_buffer_pool_size=128m, innodb_buffer_pool_size_auto_min=8388608m
2026-10-01 22:37:54 0 [Note] InnoDB: Memory pressure event disregarded; innodb_buffer_pool_size=128m, innodb_buffer_pool_size_auto_min=8388608m
2026-10-01 22:39:09 0 [Note] InnoDB: Memory pressure event disregarded; innodb_buffer_pool_size=128m, innodb_buffer_pool_size_auto_min=8388608m
2026-10-01 22:47:14 0 [Note] InnoDB: Memory pressure event disregarded; innodb_buffer_pool_size=128m, innodb_buffer_pool_size_auto_min=8388608m
2026-10-01 22:56:23 0 [Note] InnoDB: Memory pressure event disregarded; innodb_buffer_pool_size=128m, innodb_buffer_pool_size_auto_min=8388608m
2026-10-01 22:57:47 0 [Note] InnoDB: Memory pressure event disregarded; innodb_buffer_pool_size=128m, innodb_buffer_pool_size_auto_min=8388608m
2026-10-01 22:59:03 0 [Note] InnoDB: Memory pressure event disregarded; innodb_buffer_pool_size=128m, innodb_buffer_pool_size_auto_min=8388608m
2026-10-01 23:02:08 0 [Note] InnoDB: Memory pressure event disregarded; innodb_buffer_pool_size=128m, innodb_buffer_pool_size_auto_min=8388608m
2026-10-01 23:04:51 0 [Note] InnoDB: Memory pressure event disregarded; innodb_buffer_pool_size=128m, innodb_buffer_pool_size_auto_min=8388608m
2026-10-01 23:07:54 0 [Note] InnoDB: Memory pressure event disregarded; innodb_buffer_pool_size=128m, innodb_buffer_pool_size_auto_min=8388608m
2026-10-01 23:09:05 0 [Note] InnoDB: Memory pressure event disregarded; innodb_buffer_pool_size=128m, innodb_buffer_pool_size_auto_min=8388608m
2026-10-01 23:10:05 0 [Note] InnoDB: Memory pressure event disregarded; innodb_buffer_pool_size=128m, innodb_buffer_pool_size_auto_min=8388608m
2026-10-01 23:11:05 0 [Note] InnoDB: Memory pressure event disregarded; innodb_buffer_pool_size=128m, innodb_buffer_pool_size_auto_min=8388608m
2026-10-01 23:12:06 0 [Note] InnoDB: Memory pressure event disregarded; innodb_buffer_pool_size=128m, innodb_buffer_pool_size_auto_min=8388608m
2026-10-01 23:13:06 0 [Note] InnoDB: Memory pressure event disregarded; innodb_buffer_pool_size=128m, innodb_buffer_pool_size_auto_min=8388608m
2026-10-01 23:14:06 0 [Note] InnoDB: Memory pressure event disregarded; innodb_buffer_pool_size=128m, innodb_buffer_pool_size_auto_min=8388608m
2026-10-01 23:15:07 0 [Note] InnoDB: Memory pressure event disregarded; innodb_buffer_pool_size=128m, innodb_buffer_pool_size_auto_min=8388608m
2026-10-01 23:16:07 0 [Note] InnoDB: Memory pressure event disregarded; innodb_buffer_pool_size=128m, innodb_buffer_pool_size_auto_min=8388608m
2026-10-01 23:17:07 0 [Note] InnoDB: Memory pressure event disregarded; innodb_buffer_pool_size=128m, innodb_buffer_pool_size_auto_min=8388608m
2026-10-01 23:18:08 0 [Note] InnoDB: Memory pressure event disregarded; innodb_buffer_pool_size=128m, innodb_buffer_pool_size_auto_min=8388608m
2026-10-01 23:19:08 0 [Note] InnoDB: Memory pressure event disregarded; innodb_buffer_pool_size=128m, innodb_buffer_pool_size_auto_min=8388608m
2026-10-01 23:20:08 0 [Note] InnoDB: Memory pressure event disregarded; innodb_buffer_pool_size=128m, innodb_buffer_pool_size_auto_min=8388608m
2026-10-01 23:21:09 0 [Note] InnoDB: Memory pressure event disregarded; innodb_buffer_pool_size=128m, innodb_buffer_pool_size_auto_min=8388608m
2026-10-01 23:22:09 0 [Note] InnoDB: Memory pressure event disregarded; innodb_buffer_pool_size=128m, innodb_buffer_pool_size_auto_min=8388608m
2026-10-01 23:23:09 0 [Note] InnoDB: Memory pressure event disregarded; innodb_buffer_pool_size=128m, innodb_buffer_pool_size_auto_min=8388608m
2026-10-01 23:24:10 0 [Note] InnoDB: Memory pressure event disregarded; innodb_buffer_pool_size=128m, innodb_buffer_pool_size_auto_min=8388608m
2026-10-01 23:25:10 0 [Note] InnoDB: Memory pressure event disregarded; innodb_buffer_pool_size=128m, innodb_buffer_pool_size_auto_min=8388608m
2026-10-01 23:26:10 0 [Note] InnoDB: Memory pressure event disregarded; innodb_buffer_pool_size=128m, innodb_buffer_pool_size_auto_min=8388608m
2026-10-01 23:27:11 0 [Note] InnoDB: Memory pressure event disregarded; innodb_buffer_pool_size=128m, innodb_buffer_pool_size_auto_min=8388608m
2026-10-01 23:28:11 0 [Note] InnoDB: Memory pressure event disregarded; innodb_buffer_pool_size=128m, innodb_buffer_pool_size_auto_min=8388608m
2026-10-01 23:29:11 0 [Note] InnoDB: Memory pressure event disregarded; innodb_buffer_pool_size=128m, innodb_buffer_pool_size_auto_min=8388608m
2026-10-01 23:30:12 0 [Note] InnoDB: Memory pressure event disregarded; innodb_buffer_pool_size=128m, innodb_buffer_pool_size_auto_min=8388608m
2026-10-01 23:31:12 0 [Note] InnoDB: Memory pressure event disregarded; innodb_buffer_pool_size=128m, innodb_buffer_pool_size_auto_min=8388608m
2026-10-01 23:32:19 0 [Note] InnoDB: Memory pressure event disregarded; innodb_buffer_pool_size=128m, innodb_buffer_pool_size_auto_min=8388608m
2026-10-01 23:33:19 0 [Note] InnoDB: Memory pressure event disregarded; innodb_buffer_pool_size=128m, innodb_buffer_pool_size_auto_min=8388608m
2026-10-01 23:34:19 0 [Note] InnoDB: Memory pressure event disregarded; innodb_buffer_pool_size=128m, innodb_buffer_pool_size_auto_min=8388608m
2026-10-01 23:35:20 0 [Note] InnoDB: Memory pressure event disregarded; innodb_buffer_pool_size=128m, innodb_buffer_pool_size_auto_min=8388608m
2026-10-01 23:36:33 0 [Note] InnoDB: Memory pressure event disregarded; innodb_buffer_pool_size=128m, innodb_buffer_pool_size_auto_min=8388608m
2026-10-01 23:36:52 0 [Note] /data/mariadb/bin/mariadbd (initiated by: root[root] @ localhost []): Normal shutdown
2026-10-01 23:36:52 0 [Note] InnoDB: FTS optimize thread exiting.
2026-10-01 23:36:52 0 [Note] InnoDB: Starting shutdown...
2026-10-01 23:36:52 0 [Note] InnoDB: Dumping buffer pool(s) to /data/mariadb/data/ib_buffer_pool
2026-10-01 23:36:52 0 [Note] InnoDB: Buffer pool(s) dump completed at 261001 23:36:52
2026-10-01 23:36:52 0 [Note] InnoDB: Removed temporary tablespace data file: "./ibtmp1"
2026-10-01 23:36:52 0 [Note] Shutdown completed; log sequence number 45482; transaction id 16
2026-10-01 23:36:57 0 [Note] [TIDESDB] TidesDB closed
2026-10-01 23:36:57 0 [Note] /data/mariadb/bin/mariadbd: Shutdown complete
261001 23:36:57 [ERROR] /data/mariadb/bin/mariadbd got signal 11 ;
Sorry, we probably made a mistake, and this is a bug.

Your assistance in bug reporting will enable us to fix this for the next release.
To report this bug, see https://mariadb.com/docs/general-resources/community/community/bug-tracking/reporting-bugs about how to report
a bug on https://jira.mariadb.org/.

Please include the information from the server start above, to the end of the
information below.

Server version: 11.4.13-MariaDB source revision: 170b1d70737be6f134448f51713cdc1ae215b420

The information page at https://mariadb.com/docs/server/reference/product-development/mariadb-fault-finding/how-to-produce-a-full-stack-trace-for-mariadbdcontains instructions to obtain a better version of the backtrace below.
Following these instructions will help MariaDB developers provide a fix quicker.

Attempting backtrace. Include this in the bug report.
(note: Retrieving this information may fail)

Thread pointer: 0x0
261001 23:36:59 mysqld_safe mysqld from pid file /data/mariadb/data/mariadb.pid ended
261002 01:56:18 mysqld_safe Starting mariadbd daemon with databases from /data/mariadb/data
2026-10-02  1:56:18 0 [Note] Starting MariaDB 11.4.13-MariaDB source revision 170b1d70737be6f134448f51713cdc1ae215b420 server_uid sDIDdI02w3b2acl7Rds2iN62O2Q= as process 1467059
2026-10-02  1:56:18 0 [Warning] Plugin 'TidesDB' is of maturity level beta while the server is stable
2026-10-02  1:56:18 0 [Note] [TIDESDB] Loaded 35 default stop words
2026-10-02  1:56:19 0 [Note] [TIDESDB] TidesDB opened at /data/mariadb/tidesdb_data
2026-10-02  1:56:19 0 [Note] InnoDB: Compressed tables use zlib 1.3
2026-10-02  1:56:19 0 [Note] InnoDB: Number of transaction pools: 1
2026-10-02  1:56:19 0 [Note] InnoDB: Using crc32 + pclmulqdq instructions
2026-10-02  1:56:19 0 [Note] InnoDB: innodb_buffer_pool_size_max=8388614m, innodb_buffer_pool_size=128m
2026-10-02  1:56:19 0 [Note] InnoDB: Initialized memory pressure event listener
2026-10-02  1:56:19 0 [Note] InnoDB: Completed initialization of buffer pool
2026-10-02  1:56:19 0 [Note] InnoDB: File system buffers for log disabled (block size=4096 bytes)
2026-10-02  1:56:19 0 [Note] InnoDB: End of log at LSN=45482
2026-10-02  1:56:19 0 [Note] InnoDB: Opened 3 undo tablespaces
2026-10-02  1:56:19 0 [Note] InnoDB: 128 rollback segments in 3 undo tablespaces are active.
2026-10-02  1:56:19 0 [Note] InnoDB: Setting file './ibtmp1' size to 12.000MiB. Physically writing the file full; Please wait ...
2026-10-02  1:56:19 0 [Note] InnoDB: File './ibtmp1' size is now 12.000MiB.
2026-10-02  1:56:19 0 [Note] InnoDB: log sequence number 45482; transaction id 15
2026-10-02  1:56:19 0 [Note] Plugin 'FEEDBACK' is disabled.
2026-10-02  1:56:19 0 [Note] Plugin 'wsrep-provider' is disabled.
2026-10-02  1:56:19 0 [Note] InnoDB: Loading buffer pool(s) from /data/mariadb/data/ib_buffer_pool
2026-10-02  1:56:19 0 [Note] InnoDB: Buffer pool(s) load completed at 261002  1:56:19
2026-10-02  1:56:19 0 [Note] Server socket created on IP: '127.0.0.1', port: '3306'.
2026-10-02  1:56:19 0 [Note] mariadbd: Event Scheduler: Loaded 0 events
2026-10-02  1:56:19 0 [Note] /data/mariadb/bin/mariadbd: ready for connections.
Version: '11.4.13-MariaDB'  socket: '/tmp/mariadb.sock'  port: 3306  Source distribution
2026-10-02  1:57:54 0 [Note] InnoDB: Memory pressure event disregarded; innodb_buffer_pool_size=128m, innodb_buffer_pool_size_auto_min=8388608m
2026-10-02  1:58:54 0 [Note] InnoDB: Memory pressure event disregarded; innodb_buffer_pool_size=128m, innodb_buffer_pool_size_auto_min=8388608m
2026-10-02  1:59:55 0 [Note] InnoDB: Memory pressure event disregarded; innodb_buffer_pool_size=128m, innodb_buffer_pool_size_auto_min=8388608m
2026-10-02  2:00:55 0 [Note] InnoDB: Memory pressure event disregarded; innodb_buffer_pool_size=128m, innodb_buffer_pool_size_auto_min=8388608m
2026-10-02  2:01:56 0 [Note] InnoDB: Memory pressure event disregarded; innodb_buffer_pool_size=128m, innodb_buffer_pool_size_auto_min=8388608m
2026-10-02  2:02:56 0 [Note] InnoDB: Memory pressure event disregarded; innodb_buffer_pool_size=128m, innodb_buffer_pool_size_auto_min=8388608m
2026-10-02  2:03:57 0 [Note] InnoDB: Memory pressure event disregarded; innodb_buffer_pool_size=128m, innodb_buffer_pool_size_auto_min=8388608m
2026-10-02  2:04:57 0 [Note] InnoDB: Memory pressure event disregarded; innodb_buffer_pool_size=128m, innodb_buffer_pool_size_auto_min=8388608m
2026-10-02  2:06:00 0 [Note] InnoDB: Memory pressure event disregarded; innodb_buffer_pool_size=128m, innodb_buffer_pool_size_auto_min=8388608m
2026-10-02  2:07:01 0 [Note] InnoDB: Memory pressure event disregarded; innodb_buffer_pool_size=128m, innodb_buffer_pool_size_auto_min=8388608m
2026-10-02  2:08:02 0 [Note] InnoDB: Memory pressure event disregarded; innodb_buffer_pool_size=128m, innodb_buffer_pool_size_auto_min=8388608m
2026-10-02  2:09:02 0 [Note] InnoDB: Memory pressure event disregarded; innodb_buffer_pool_size=128m, innodb_buffer_pool_size_auto_min=8388608m
2026-10-02  2:10:02 0 [Note] InnoDB: Memory pressure event disregarded; innodb_buffer_pool_size=128m, innodb_buffer_pool_size_auto_min=8388608m
2026-10-02  2:11:02 0 [Note] InnoDB: Memory pressure event disregarded; innodb_buffer_pool_size=128m, innodb_buffer_pool_size_auto_min=8388608m
2026-10-02  2:12:03 0 [Note] InnoDB: Memory pressure event disregarded; innodb_buffer_pool_size=128m, innodb_buffer_pool_size_auto_min=8388608m
2026-10-02  2:13:03 0 [Note] InnoDB: Memory pressure event disregarded; innodb_buffer_pool_size=128m, innodb_buffer_pool_size_auto_min=8388608m
2026-10-02  2:14:03 0 [Note] InnoDB: Memory pressure event disregarded; innodb_buffer_pool_size=128m, innodb_buffer_pool_size_auto_min=8388608m
2026-10-02  2:15:04 0 [Note] InnoDB: Memory pressure event disregarded; innodb_buffer_pool_size=128m, innodb_buffer_pool_size_auto_min=8388608m
2026-10-02  2:16:04 0 [Note] InnoDB: Memory pressure event disregarded; innodb_buffer_pool_size=128m, innodb_buffer_pool_size_auto_min=8388608m
2026-10-02  2:17:05 0 [Note] InnoDB: Memory pressure event disregarded; innodb_buffer_pool_size=128m, innodb_buffer_pool_size_auto_min=8388608m
2026-10-02  2:18:05 0 [Note] InnoDB: Memory pressure event disregarded; innodb_buffer_pool_size=128m, innodb_buffer_pool_size_auto_min=8388608m
2026-10-02  2:19:05 0 [Note] InnoDB: Memory pressure event disregarded; innodb_buffer_pool_size=128m, innodb_buffer_pool_size_auto_min=8388608m
2026-10-02  2:20:06 0 [Note] InnoDB: Memory pressure event disregarded; innodb_buffer_pool_size=128m, innodb_buffer_pool_size_auto_min=8388608m
2026-10-02  2:21:06 0 [Note] InnoDB: Memory pressure event disregarded; innodb_buffer_pool_size=128m, innodb_buffer_pool_size_auto_min=8388608m
2026-10-02  2:22:06 0 [Note] InnoDB: Memory pressure event disregarded; innodb_buffer_pool_size=128m, innodb_buffer_pool_size_auto_min=8388608m
2026-10-02  2:23:08 0 [Note] InnoDB: Memory pressure event disregarded; innodb_buffer_pool_size=128m, innodb_buffer_pool_size_auto_min=8388608m
2026-10-02  2:24:08 0 [Note] InnoDB: Memory pressure event disregarded; innodb_buffer_pool_size=128m, innodb_buffer_pool_size_auto_min=8388608m
2026-10-02  2:25:08 0 [Note] InnoDB: Memory pressure event disregarded; innodb_buffer_pool_size=128m, innodb_buffer_pool_size_auto_min=8388608m
2026-10-02  2:26:09 0 [Note] InnoDB: Memory pressure event disregarded; innodb_buffer_pool_size=128m, innodb_buffer_pool_size_auto_min=8388608m
2026-10-02  2:26:54 0 [Note] /data/mariadb/bin/mariadbd (initiated by: root[root] @ localhost []): Normal shutdown
2026-10-02  2:26:54 0 [Note] InnoDB: FTS optimize thread exiting.
2026-10-02  2:26:54 0 [Note] InnoDB: Starting shutdown...
2026-10-02  2:26:54 0 [Note] InnoDB: Dumping buffer pool(s) to /data/mariadb/data/ib_buffer_pool
2026-10-02  2:26:54 0 [Note] InnoDB: Buffer pool(s) dump completed at 261002  2:26:54
2026-10-02  2:26:54 0 [Note] InnoDB: Removed temporary tablespace data file: "./ibtmp1"
2026-10-02  2:26:54 0 [Note] Shutdown completed; log sequence number 45482; transaction id 16
2026-10-02  2:27:04 0 [Note] [TIDESDB] TidesDB closed
2026-10-02  2:27:04 0 [Note] /data/mariadb/bin/mariadbd: Shutdown complete
261002 02:27:05 mysqld_safe mysqld from pid file /data/mariadb/data/mariadb.pid ended
