sysbench 1.1.0-3ceba0b (using bundled LuaJIT 2.1.0-beta3)

Running the test with following options:
Number of threads: 8
Report intermediate results every 5 second(s)
Initializing random number generator from current time


Initializing worker threads...

Threads started!

[ 5s ] thds: 8 tps: 767.61 qps: 15382.66 (r/w/o: 10768.98/3076.85/1536.83) lat (ms,95%): 33.12 err/s: 0.00 reconn/s: 0.00
[ 10s ] thds: 8 tps: 603.21 qps: 12048.34 (r/w/o: 8435.10/2406.83/1206.41) lat (ms,95%): 33.12 err/s: 0.00 reconn/s: 0.00
[ 15s ] thds: 8 tps: 1225.59 qps: 24514.83 (r/w/o: 17161.28/4902.37/2451.18) lat (ms,95%): 12.75 err/s: 0.00 reconn/s: 0.00
[ 20s ] thds: 8 tps: 1215.01 qps: 24303.73 (r/w/o: 17013.69/4860.03/2430.01) lat (ms,95%): 12.75 err/s: 0.00 reconn/s: 0.00
[ 25s ] thds: 8 tps: 1405.38 qps: 28102.66 (r/w/o: 19670.36/5621.53/2810.77) lat (ms,95%): 11.45 err/s: 0.00 reconn/s: 0.00
[ 30s ] thds: 8 tps: 1758.01 qps: 35163.28 (r/w/o: 24615.60/7031.66/3516.03) lat (ms,95%): 8.28 err/s: 0.00 reconn/s: 0.00
[ 35s ] thds: 8 tps: 2004.58 qps: 40086.62 (r/w/o: 28058.93/8018.72/4008.96) lat (ms,95%): 7.70 err/s: 0.00 reconn/s: 0.00
[ 40s ] thds: 8 tps: 1797.21 qps: 35946.19 (r/w/o: 25161.53/7190.04/3594.62) lat (ms,95%): 7.98 err/s: 0.00 reconn/s: 0.00
[ 45s ] thds: 8 tps: 386.81 qps: 7750.30 (r/w/o: 5424.67/1552.02/773.61) lat (ms,95%): 24.38 err/s: 0.00 reconn/s: 0.00
[ 50s ] thds: 8 tps: 4155.78 qps: 83104.32 (r/w/o: 58176.06/16616.70/8311.55) lat (ms,95%): 2.30 err/s: 0.00 reconn/s: 0.00
[ 55s ] thds: 8 tps: 4139.40 qps: 82789.95 (r/w/o: 57953.37/16557.79/8278.80) lat (ms,95%): 2.43 err/s: 0.00 reconn/s: 0.00
[ 60s ] thds: 8 tps: 3917.51 qps: 78346.31 (r/w/o: 54841.48/15669.82/7835.01) lat (ms,95%): 2.66 err/s: 0.00 reconn/s: 0.00
SQL statistics:
    queries performed:
        read:                            1636460
        write:                           467560
        other:                           233780
        total:                           2337800
    transactions:                        116890 (1948.08 per sec.)
    queries:                             2337800 (38961.55 per sec.)
    ignored errors:                      0      (0.00 per sec.)
    reconnects:                          0      (0.00 per sec.)

Throughput:
    events/s (eps):                      1948.0776
    time elapsed:                        60.0027s
    total number of events:              116890

Latency (ms):
         min:                                    1.32
         avg:                                    4.11
         max:                                  340.10
         95th percentile:                       10.84
         sum:                               479865.53

Threads fairness:
    events (avg/stddev):           14611.2500/57.58
    execution time (avg/stddev):   59.9832/0.00

